C51 COMPILER V9.60.7.0   SEG_PRG                                                           12/03/2023 11:06:47 PAGE 1   


C51 COMPILER V9.60.7.0, COMPILATION OF MODULE SEG_PRG
OBJECT MODULE PLACED IN .\Objects\SEG_PRG.obj
COMPILER INVOKED BY: C:\Keil_v5\C51\BIN\C51.EXE HAL\SEG_PRG.c OPTIMIZE(8,SPEED) BROWSE DEBUG OBJECTEXTEND PRINT(.\Listin
                    -gs\SEG_PRG.lst) TABS(2) OBJECT(.\Objects\SEG_PRG.obj)

line level    source

   1          #include "LIB\STD_TYPES.h"
   2          #include "LIB\BIT_MATH.h"
   3          #include "MCAL\DIO_INT.h"
   4          #include "HAL\SEG_INT.h"
   5          #include "LIB\DELAY_INT.h"
   6          #include "MCAL\timer.h"
   7          
   8          //
   9          const u8 SEG_Num[10]={0x3F,0x06,0x5B,0x4F,0x66,0x6D,0x7D,0x07,0x7F,0x6F}; 
  10          
  11          void SEG_Init(u8 SEG_PORT)
  12          {
  13   1      
  14   1        DIO_SetPortDirection(SEG_PORT,OUTPUT);
  15   1      }
  16          
  17          
  18          void SEG_DisplayNumber(u8 SEG_PORT, u8 Number)
  19          {
  20   1        if((Number <=9) &&(Number >=0))
  21   1        {
  22   2          #if SSD_Type==1
  23   2          DIO_SetPortValue(SEG_PORT, SEG_Num[Number]);
  24   2          #elif SSD_Type==2
                  DIO_SetPortValue(SEG_PORT, ~SEG_Num[Number]);
                  #endif
  27   2        }
  28   1      }
  29          
  30          
  31          void SEG_CountUp(u8 SEG_PORT ,u8 Number)
  32          {
  33   1        u8 counter_1;
  34   1        for(counter_1 = Number ; counter_1 <= 9; counter_1++)
  35   1        {
  36   2          SEG_DisplayNumber(SEG_PORT,counter_1);
  37   2            Delay_ms(1000);   
  38   2            //_delay_ms(20);
  39   2        }
  40   1      
  41   1      }
  42          
  43          void SEG_Countdown(u8 SEG_PORT,u8 Number)
  44          {
  45   1        u8 counter_2;
  46   1        for(counter_2= Number ; counter_2>= 0 ; counter_2--)
  47   1        {
  48   2          SEG_DisplayNumber(SEG_PORT,counter_2);
  49   2            delay_second_timer0(1);   
  50   2            //_delay_ms(20);
  51   2        }
  52   1      }
*** WARNING C316 IN LINE 52 OF HAL\SEG_PRG.c: unterminated conditionals

C51 COMPILER V9.60.7.0   SEG_PRG                                                           12/03/2023 11:06:47 PAGE 2   


MODULE INFORMATION:   STATIC OVERLAYABLE
   CODE SIZE        =     91    ----
   CONSTANT SIZE    =   ----    ----
   XDATA SIZE       =   ----    ----
   PDATA SIZE       =   ----    ----
   DATA SIZE        =     10       4
   IDATA SIZE       =   ----    ----
   BIT SIZE         =   ----    ----
END OF MODULE INFORMATION.


C51 COMPILATION COMPLETE.  1 WARNING(S),  0 ERROR(S)
